{
  "annotations": {
    "readOnlyHint": true,
    "title": "Get issue relationship graph"
  },
  "description": "Get a graph representation of issue and pull request relationships, showing the full work hierarchy in one call.\n\nReturns a comprehensive view including:\n- Node types: epic (large initiatives), batch (parent issues), task (regular issues), pr (pull requests)\n- Full hierarchy: epic → batch → task → PR relationships\n- Sub-issues and \"closes/fixes\" references\n- Cross-references and related work\n- Open/closed/merged state of all related items\n\nUse focus=\"epic\" to automatically find and focus on the parent epic of any issue.\nUse focus=\"batch\" to find the nearest batch/parent issue in the hierarchy.",
  "inputSchema": {
    "properties": {
      "cross_repo": {
        "description": "Follow references into other repositories (default: false)",
        "type": "boolean"
      },
      "focus": {
        "description": "Which node type to focus on: 'provided' (default) uses the specified issue/PR, 'epic' shifts focus to the nearest epic in the hierarchy, 'batch' shifts focus to the nearest batch/parent issue",
        "enum": [
          "provided",
          "epic",
          "batch"
        ],
        "type": "string"
      },
      "issue_number": {
        "description": "Issue or pull request number to build the graph from",
        "type": "number"
      },
      "max_nodes": {
        "description": "Maximum number of nodes to include in the graph (default: 50)",
        "type": "number"
      },
      "owner": {
        "description": "Repository owner",
        "type": "string"
      },
      "repo": {
        "description": "Repository name",
        "type": "string"
      }
    },
    "required": [
      "owner",
      "repo",
      "issue_number"
    ],
    "type": "object"
  },
  "name": "issue_graph"
}